// Jest Snapshot v1, https://goo.gl/fbAQLP

exports[`Annotations snapshot test 1`] = `
<div
  className="sc-eilVRo kEkOqT"
>
  <div
    className="sc-emmjRN MKMGE"
  >
    <span
      aria-hidden={true}
      className="fa fa-pencil fa-md"
    />
    <span
      className="sc-gFaPwZ jLpAvI"
    >
      RECENT ANNOTATIONS
    </span>
  </div>
  <div
    className="sc-fONwsr hprXlC"
  >
    <div
      className="sc-bwzfXH uTxCW sc-bdVaJa hSYntd"
      is={null}
    >
      <span
        className="sc-fhYwyz jYpBTD"
      >
        Genes
      </span>
      <ul
        className="sc-hGoxap dGwfIp"
      >
        <li
          className="sc-jzgbtB kOqXSq"
        >
          abprtA
        </li>
        <li
          className="sc-jzgbtB kOqXSq"
        >
          trgrB1
        </li>
        <li
          className="sc-jzgbtB kOqXSq"
        >
          tgrC1
        </li>
        <li
          className="sc-jzgbtB kOqXSq"
        >
          tacA
        </li>
      </ul>
      <div
        className="sc-krDsej hjRQix"
      >
        <span
          aria-hidden={true}
          className="fa fa-plus fa-xs"
        />
      </div>
    </div>
    <div
      className="sc-bwzfXH uTxCW sc-bdVaJa hSYntd"
      is={null}
    >
      <span
        className="sc-fhYwyz jYpBTD"
      >
        Papers
      </span>
      <ul
        className="sc-hGoxap dGwfIp"
      >
        <li
          className="sc-jzgbtB kOqXSq"
        >
          25609090
        </li>
        <li
          className="sc-jzgbtB kOqXSq"
        >
          25546705
        </li>
        <li
          className="sc-jzgbtB kOqXSq"
        >
          25540127
        </li>
        <li
          className="sc-jzgbtB kOqXSq"
        >
          25596489
        </li>
      </ul>
      <div
        className="sc-krDsej hjRQix"
      >
        <span
          aria-hidden={true}
          className="fa fa-plus fa-xs"
        />
      </div>
    </div>
  </div>
</div>
`;
