// Jest Snapshot v1, https://goo.gl/fbAQLP

exports[`News snapshot test 1`] = `
<div
  className="sc-bxivhb gwcbGM"
>
  <div
    className="sc-ifAKCX eFlFoE"
  >
    <div
      className="sc-htpNat hLJahE sc-bdVaJa iHZvIS"
      wrap={true}
    >
      <div
        className="sc-bdVaJa hZXWJA"
      >
        <a
          alt="Dicty News at Twitter"
          href="https://twitter.com/dictybase"
          target="new"
        >
          <img
            className="sc-EHOje hVJHvY"
            src="twitterLogo.png"
          />
        </a>
      </div>
      <div
        className="sc-bdVaJa iFPAFX"
      >
        <span
          className="mega-octicon octicon-globe"
        />
        <span
          className="sc-gqjmRU OxUTR"
        >
          DICTY NEWS
        </span>
      </div>
    </div>
  </div>
  <ul
    className="sc-bZQynM hOKTWv"
  >
    <ul>
      <li
        className="sc-gzVnrw bcHYwE"
      >
        <span
          className="sc-dnqmqq deCrCH"
        >
          2015.08.19
        </span>
        <span
          className="sc-iwsKbI bnjRvG"
        >
          <strong>
            Why axenic strains grow by fluid uptake
          </strong>
          : We have added the 
          <a
            href="http://dictybase.org/gene/DDB_G0350652"
            target="new"
          >
             axeB gene 
          </a>
           to Chromosome 3 at the locus which is largely deleted in axenic strains and thus responsible for their ability to grow axenically. Only an axeB 3' fragment could be generated on the AX4 genome assembly. The full length gene in non-axenic strains such as DdB codes for the conserved neurofibromin 1, a RasGAP, which has been shown to be involved in macropinocytosis and phagocytosis. For more information, see 
          <a
            href="http://dictybase.org/publication/pubmed/25815683"
            target="new"
          >
            Bloomfield et al
          </a>
          .
        </span>
        <span
          className="sc-gZMcBi jMLDjq"
        >
          <strong>
            Source:
          </strong>
           
          Dicty Stock Center
        </span>
      </li>
      <li
        className="sc-gzVnrw bcHYwE"
      >
        <span
          className="sc-dnqmqq deCrCH"
        >
          2015.08.12
        </span>
        <span
          className="sc-iwsKbI bnjRvG"
        >
          Dicty in the News: The National Geographics series a 
          <a
            href="http://phenomena.nationalgeographic.com/2015/08/24/the-bacteria-that-turn-amoebas-into-farmers/?sf12476278=1"
            target="new"
          >
            Not Exactly Rocket Science
          </a>
           has published a nice piece about the latest results reporting how Burkholderia turns Dicty amooeba into farmers, 
          <a
            href="http://www.pnas.org/content/early/2015/08/18/1511878112"
            target="new"
          >
            published
          </a>
           by Suzanne di Salvo and colleagues from the Strassmann/Queller lab.
        </span>
        <span
          className="sc-gZMcBi jMLDjq"
        >
          <strong>
            Source:
          </strong>
           
          National Geographics
        </span>
      </li>
    </ul>
  </ul>
  <div
    className="sc-htoDjs kTQnwl"
  >
    <span
      className="octicon octicon-plus"
    />
      
    <a
      alt="more news"
      href=""
    >
      more news
       
    </a>
  </div>
</div>
`;
