// Jest Snapshot v1, https://goo.gl/fbAQLP

exports[`Papers snapshot test 1`] = `
<div
  className="sc-gHboQg fFLpfM"
>
  <div
    className="sc-CtfFt ksgeeT"
  >
    <div
      className="sc-bdVaJa bDWFJH sc-htpNat jtWIOA sc-bdVaJa iHZvIS"
      is={null}
    >
      <span
        className="sc-gJWqzi jpqoRp"
      >
        <span
          aria-hidden={true}
          className="fa fa-paperclip fa-lg"
        />
      </span>
      <span
        className="sc-gJWqzi jpqoRp"
      >
        LATEST PAPERS
      </span>
    </div>
  </div>
  <ul
    className="sc-hGoxap bpTpFR"
  >
    <li
      className="sc-bHwgHz jiapwT"
    >
      <span
        className="sc-dTdPqK eONKOG"
      >
        Xie X, Gutierrez A, Trofimov V, Szilágyi I, Soldati T, Bakker E.
      </span>
      <span
        className="sc-eMigcr bKZfpz"
      >
        <strong>
          <em>
            Charged Solvatochromic Dyes as Signal Transducers in pH Independent Fluorescent and Colorimetric Ion Selective Nanosensors.
          </em>
        </strong>
      </span>
      <span
        className="sc-itybZL gfzDPh"
      >
        <span
          className="sc-fzsDOv dWbQIZ"
        >
          Journal: 
        </span>
        Anal Chem. 2015 Sep 9.[Epub ahead of print]
        <a
          className="sc-rBLzX jKkeFB"
          href="https://www.ncbi.nlm.nih.gov/pubmed/26352133"
          target="new"
        >
           
          Pubmed
        </a>
      </span>
    </li>
    <li
      className="sc-bHwgHz jiapwT"
    >
      <span
        className="sc-dTdPqK eONKOG"
      >
        Schmith A, Spaller T, Gaube F, Fransson Å, Boesler B, Ojha S, Nellen W, Hammann C, Söderbom F, Winckler T.
      </span>
      <span
        className="sc-eMigcr bKZfpz"
      >
        <strong>
          <em>
            A host factor supports retrotransposition of the TRE5-A population in Dictyostelium cells by suppressing an Argonaute protein.
          </em>
        </strong>
      </span>
      <span
        className="sc-itybZL gfzDPh"
      >
        <span
          className="sc-fzsDOv dWbQIZ"
        >
          Journal: 
        </span>
        Mob DNA. 2015;6:14. doi: 10.1186/s13100-015-0045-5.
        <a
          className="sc-rBLzX jKkeFB"
          href="https://www.ncbi.nlm.nih.gov/pubmed/26339297"
          target="new"
        >
           
          Pubmed
        </a>
      </span>
    </li>
    <li
      className="sc-bHwgHz jiapwT"
    >
      <span
        className="sc-dTdPqK eONKOG"
      >
        Von Bülow J, Beitz E.
      </span>
      <span
        className="sc-eMigcr bKZfpz"
      >
        <strong>
          <em>
            Number and Regulation of Protozoan Aquaporins Reflect Environmental Complexity.
          </em>
        </strong>
      </span>
      <span
        className="sc-itybZL gfzDPh"
      >
        <span
          className="sc-fzsDOv dWbQIZ"
        >
          Journal: 
        </span>
        Biol Bull. 2015 Aug;229(1):38-46.
        <a
          className="sc-rBLzX jKkeFB"
          href="https://www.ncbi.nlm.nih.gov/pubmed/26338868"
          target="new"
        >
           
          Pubmed
        </a>
      </span>
    </li>
    <li
      className="sc-bHwgHz jiapwT"
    >
      <span
        className="sc-dTdPqK eONKOG"
      >
        Santarriaga S, Petersen A, Ndukwe K, Brandt A, Gerges N, Scaglione JB, Scaglione KM.
      </span>
      <span
        className="sc-eMigcr bKZfpz"
      >
        <strong>
          <em>
            The Social Amoeba Dictyostelium discoideum is Highly Resistant to Polyglutamine Aggregation.
          </em>
        </strong>
      </span>
      <span
        className="sc-itybZL gfzDPh"
      >
        <span
          className="sc-fzsDOv dWbQIZ"
        >
          Journal: 
        </span>
        J Biol Chem. 2015 Sep 1. doi:pii: jbc.M115.676247. [Epub ahead of print]
        <a
          className="sc-rBLzX jKkeFB"
          href="https://www.ncbi.nlm.nih.gov/pubmed/26338868"
          target="new"
        >
           
          Pubmed
        </a>
      </span>
    </li>
    <li
      className="sc-bHwgHz jiapwT"
    >
      <span
        className="sc-dTdPqK eONKOG"
      >
        Kim MK, Kim JH, Kim JS, Kang SO.
      </span>
      <span
        className="sc-eMigcr bKZfpz"
      >
        <strong>
          <em>
            Structure of the 34 kDa F-actin-bundling protein ABP34 from Dictyostelium discoideum.
          </em>
        </strong>
      </span>
      <span
        className="sc-itybZL gfzDPh"
      >
        <span
          className="sc-fzsDOv dWbQIZ"
        >
          Journal: 
        </span>
        Acta Crystallogr D Biol Crystallogr. 2015 Sep 1;71(Pt 9):1835-49. doi: 10.1107/S139900471501264X. Epub 2015 Aug 25.
        <a
          className="sc-rBLzX jKkeFB"
          href="https://www.ncbi.nlm.nih.gov/pubmed/26338868"
          target="new"
        >
           
          Pubmed
        </a>
      </span>
    </li>
  </ul>
  <div
    className="sc-krDsej kbEGrA"
  >
    <span
      aria-hidden={true}
      className="fa fa-plus"
    />
    <a
      alt="more papers"
      className="sc-rBLzX jKkeFB"
      href=""
    >
       
      more papers
       
    </a>
  </div>
</div>
`;
