// Jest Snapshot v1, https://goo.gl/fbAQLP

exports[`StockCenter snapshot test 1`] = `
<div
  className="sc-bxivhb izZHTS"
>
  <div
    className="sc-EHOje kThsWg"
  >
    <span
      aria-hidden={true}
      className="fa fa-shopping-cart fa-md"
    />
    <span
      className="sc-jKJlTe gEIyRj"
    >
      DICTY STOCK CENTER
    </span>
  </div>
  <div
    className="sc-bZQynM koLzTR"
  >
    New items
  </div>
  <div
    className="sc-cSHVUG bzwuAG"
  >
    <div
      className="sc-gzVnrw eXaeXc"
    >
      PLASMIDS
    </div>
    <ul
      className="sc-jzJRlG eLTqRO"
    >
      <li
        className="sc-iwsKbI dukjNo"
      >
        DBS0304455
      </li>
      <li
        className="sc-iwsKbI dukjNo"
      >
        DSB0350408
      </li>
      <li
        className="sc-iwsKbI dukjNo"
      >
        DBS0350326
      </li>
    </ul>
    <div
      className="sc-kgoBCf fagbkO"
    >
      <span
        aria-hidden={true}
        className="fa fa-plus fa-xs"
      />
    </div>
  </div>
  <div
    className="sc-cSHVUG ezNXzP"
    color="white"
  >
    <div
      className="sc-gzVnrw eXaeXc"
    >
      STRAINS
    </div>
    <ul
      className="sc-jzJRlG eLTqRO"
    >
      <li
        className="sc-iwsKbI dukjNo"
      >
        DBS0304455
      </li>
      <li
        className="sc-iwsKbI dukjNo"
      >
        DSB0350408
      </li>
      <li
        className="sc-iwsKbI dukjNo"
      >
        DBS0350326
      </li>
      <li
        className="sc-iwsKbI dukjNo"
      >
        DBS0350435
      </li>
    </ul>
    <div
      className="sc-kgoBCf fagbkO"
    >
      <span
        aria-hidden={true}
        className="fa fa-plus fa-xs"
      />
    </div>
  </div>
</div>
`;
