// Jest Snapshot v1, https://goo.gl/fbAQLP

exports[`Papers snapshot test 1`] = `
.c0 {
  font-family: "Helvetica Neue",Helvetica,Arial,sans-serif;
  line-height: 1.428;
  text-align: left;
  padding-left: 10px;
  padding-right: 10px;
  padding-bottom: 10px;
  background-color: #eff8fb;
  border-radius: 15px;
  margin-bottom: 10px;
  max-height: 440px;
  overflow: auto;
}

.c2 {
  padding-left: 5px;
  color: #086a87;
  font-size: 20px;
  vertical-align: top;
  text-align: left;
}

.c9 {
  color: #428bca;
  -webkit-text-decoration: none;
  text-decoration: none;
}

.c1 {
  color: black;
  font-size: 20px;
  padding: 15px 30px 0px 35px;
  vertical-align: top;
  text-align: right;
}

.c3 {
  padding: 0px 25px 10px 25px;
  font-size: 12px;
  margin-bottom: 5px;
  padding-bottom: 10px;
  margin-top: 12px;
}

.c4 {
  list-style-type: none;
  margin-bottom: 10px;
}

.c10 {
  color: #0b3861;
  font-size: 11px;
  font-style: italic;
  font-weight: normal;
  text-align: center;
  padding-bottom: 10px;
}

.c5 {
  color: #0b3861;
  padding-right: 10px;
}

.c7 {
  color: #0b3861;
}

.c6 {
  padding-right: 10px;
}

.c8 {
  padding-top: 7px;
  font-weight: bold;
  text-align: center;
}

.c11 {
  color: #428bca;
  -webkit-text-decoration: none;
  text-decoration: none;
}

@media (max-width:768px) {
  .c0 {
    height: 350px;
  }
}

@media (max-width:767px) {
  .c1 {
    font-size: 24px;
    text-align: right;
    padding: 20px 5px 20px 15px;
  }
}

@media (max-width:992px) and (min-width:767px) {
  .c3 {
    font-size: 10px;
  }
}

@media (max-width:768px) {
  .c3 {
    font-size: 16px;
  }
}

@media (min-width:1400px) {
  .c10 {
    padding-top: 30px;
    font-size: 12px;
  }
}

<div
  className="c0"
>
  <div
    className="c1"
  >
    <div
      className="sc-htpNat jtWIOA sc-bdVaJa iHZvIS"
      is={null}
    >
      <span
        className="c2"
      >
        <span
          aria-hidden={true}
          className="fa fa-paperclip fa-lg"
        />
      </span>
      <span
        className="c2"
      >
        LATEST PAPERS
      </span>
    </div>
  </div>
  <ul
    className="c3"
  >
    <li
      className="c4"
    >
      <span
        className="c5"
      >
        Usaj, Zattelman, Regev, Shneyer, Wiesel-Motiuk & Henn
      </span>
      <span
        className="c6"
      >
        <strong>
          <em>
            Overexpression and purification of human myosins from transiently and stably transfected suspension adapted HEK293SF-3F6 cells.
          </em>
        </strong>
      </span>
      <span
        className="c7"
      >
        <span
          className="c8"
        >
          Journal: 
        </span>
        Anal Biochem. 2018 Jul 31. pii: S0003-2697(18)30419-6. doi: 10.1016/j.ab.2018.07.026. [Epub ahead of print]
        <a
          className="c9"
          href="https://www.ncbi.nlm.nih.gov/pubmed/30075102"
          target="new"
        >
           
          Pubmed
        </a>
      </span>
    </li>
    <li
      className="c4"
    >
      <span
        className="c5"
      >
        Marinović M, Xiong H, Rivero F, Weber I.
      </span>
      <span
        className="c6"
      >
        <strong>
          <em>
            Assaying Rho GTPase-Dependent Processes in Dictyostelium discoideum.
          </em>
        </strong>
      </span>
      <span
        className="c7"
      >
        <span
          className="c8"
        >
          Journal: 
        </span>
        Methods Mol Biol. 2018;1821:371-392. doi: 10.1007/978-1-4939-8612-5_25.
        <a
          className="c9"
          href="https://www.ncbi.nlm.nih.gov/pubmed/30062425"
          target="new"
        >
           
          Pubmed
        </a>
      </span>
    </li>
    <li
      className="c4"
    >
      <span
        className="c5"
      >
        Tunnacliffe E, Corrigan AM, Chubb JR.
      </span>
      <span
        className="c6"
      >
        <strong>
          <em>
            Promoter-mediated diversification of transcriptional bursting dynamics following gene duplication.
          </em>
        </strong>
      </span>
      <span
        className="c7"
      >
        <span
          className="c8"
        >
          Journal: 
        </span>
        Proc Natl Acad Sci U S A. 2018 Jul 30. pii: 201800943. doi: 10.1073/pnas.1800943115. [Epub ahead of print]
        <a
          className="c9"
          href="https://www.ncbi.nlm.nih.gov/pubmed/30061408"
          target="new"
        >
           
          Pubmed
        </a>
      </span>
    </li>
    <li
      className="c4"
    >
      <span
        className="c5"
      >
        Song L, Rijal R, Karow M, Stumpf M, Hahn O, Park L, Insall R, Schröder R, Hofmann A, Clemen CS, Eichinger L.
      </span>
      <span
        className="c6"
      >
        <strong>
          <em>
            Expression of N471D strumpellin leads to defects in the endolysosomal system.
          </em>
        </strong>
      </span>
      <span
        className="c7"
      >
        <span
          className="c8"
        >
          Journal: 
        </span>
        Dis Model Mech. 2018 Jul 30. pii: dmm.033449. doi: 10.1242/dmm.033449. [Epub ahead of print]
        <a
          className="c9"
          href="https://www.ncbi.nlm.nih.gov/pubmed/30061306"
          target="new"
        >
           
          Pubmed
        </a>
      </span>
    </li>
    <li
      className="c4"
    >
      <span
        className="c5"
      >
        Tu Y, Rappel WJ.
      </span>
      <span
        className="c6"
      >
        <strong>
          <em>
            Adaptation of Living Systems.
          </em>
        </strong>
      </span>
      <span
        className="c7"
      >
        <span
          className="c8"
        >
          Journal: 
        </span>
        Annu Rev Condens Matter Phys. 2018 Mar;9:183-205. doi: 10.1146/annurev-conmatphys-033117-054046. Epub 2017 Dec 8.
        <a
          className="c9"
          href="https://www.ncbi.nlm.nih.gov/pubmed/30057689"
          target="new"
        >
           
          Pubmed
        </a>
      </span>
    </li>
  </ul>
  <div
    className="c10"
  >
    <span
      aria-hidden={true}
      className="fa fa-plus"
    />
    <a
      alt="more papers"
      className="c11"
      href="/papers"
      onClick={[Function]}
    >
       
      more papers
       
    </a>
  </div>
</div>
`;
