// Jest Snapshot v1, https://goo.gl/fbAQLP

exports[`Popular snapshot test 1`] = `
.c0 {
  color: #bdbdbd;
  font-size: 12px;
  vertical-align: top;
  text-align: left;
  font-style: italic;
}

.c1 {
  padding: 0px;
  margin-bottom: 5px;
}

.c2 {
  list-style-type: none;
  margin-bottom: 10px;
}

@media (max-width:767px) {
  .c0 {
    font-size: 14px;
    text-align: left;
  }
}

<div
  className="MuiGrid-container-4 MuiGrid-justify-xs-center-21 Popular-grid-2"
>
  <div
    className="MuiGrid-item-5 MuiGrid-grid-xs-12-44"
  >
    <div
      className="c0"
    >
      <center>
        New features and pages
      </center>
    </div>
    <ul
      className="c1"
    >
      <li
        className="c2"
      >
        <a
          className="Popular-link-3"
          href="/dictyaccess"
        >
          <button
            className="MuiButtonBase-root-127 MuiButton-root-101 MuiButton-contained-112 MuiButton-containedPrimary-113 MuiButton-raised-115 MuiButton-raisedPrimary-116 MuiButton-sizeSmall-124 Popular-button-1"
            disabled={false}
            onBlur={[Function]}
            onFocus={[Function]}
            onKeyDown={[Function]}
            onKeyUp={[Function]}
            onMouseDown={[Function]}
            onMouseLeave={[Function]}
            onMouseUp={[Function]}
            onTouchEnd={[Function]}
            onTouchMove={[Function]}
            onTouchStart={[Function]}
            tabIndex="0"
            type="button"
          >
            <span
              className="MuiButton-label-102"
            >
              dictyAccess
            </span>
            <span
              className="MuiTouchRipple-root-130"
            />
          </button>
        </a>
      </li>
      <li
        className="c2"
      >
        <a
          className="Popular-link-3"
          href="http://dictybase.org/tools/jbrowse/?data=data/jbrowse/discoideum&loc=6:1..50011&tracks=reference,gene,transcript"
        >
          <button
            className="MuiButtonBase-root-127 MuiButton-root-101 MuiButton-contained-112 MuiButton-containedPrimary-113 MuiButton-raised-115 MuiButton-raisedPrimary-116 MuiButton-sizeSmall-124 Popular-button-1"
            disabled={false}
            onBlur={[Function]}
            onFocus={[Function]}
            onKeyDown={[Function]}
            onKeyUp={[Function]}
            onMouseDown={[Function]}
            onMouseLeave={[Function]}
            onMouseUp={[Function]}
            onTouchEnd={[Function]}
            onTouchMove={[Function]}
            onTouchStart={[Function]}
            tabIndex="0"
            type="button"
          >
            <span
              className="MuiButton-label-102"
            >
              Genome Browser
            </span>
            <span
              className="MuiTouchRipple-root-130"
            />
          </button>
        </a>
      </li>
      <li
        className="c2"
      >
        <a
          className="Popular-link-3"
          href="/gene/DDB_G0283267"
        >
          <button
            className="MuiButtonBase-root-127 MuiButton-root-101 MuiButton-contained-112 MuiButton-containedPrimary-113 MuiButton-raised-115 MuiButton-raisedPrimary-116 MuiButton-sizeSmall-124 Popular-button-1"
            disabled={false}
            onBlur={[Function]}
            onFocus={[Function]}
            onKeyDown={[Function]}
            onKeyUp={[Function]}
            onMouseDown={[Function]}
            onMouseLeave={[Function]}
            onMouseUp={[Function]}
            onTouchEnd={[Function]}
            onTouchMove={[Function]}
            onTouchStart={[Function]}
            tabIndex="0"
            type="button"
          >
            <span
              className="MuiButton-label-102"
            >
              Gene Page (in progress)
            </span>
            <span
              className="MuiTouchRipple-root-130"
            />
          </button>
        </a>
      </li>
      <li
        className="c2"
      >
        <a
          className="Popular-link-3"
          href="/stockcenter"
        >
          <button
            className="MuiButtonBase-root-127 MuiButton-root-101 MuiButton-contained-112 MuiButton-containedPrimary-113 MuiButton-raised-115 MuiButton-raisedPrimary-116 MuiButton-sizeSmall-124 Popular-button-1"
            disabled={false}
            onBlur={[Function]}
            onFocus={[Function]}
            onKeyDown={[Function]}
            onKeyUp={[Function]}
            onMouseDown={[Function]}
            onMouseLeave={[Function]}
            onMouseUp={[Function]}
            onTouchEnd={[Function]}
            onTouchMove={[Function]}
            onTouchStart={[Function]}
            tabIndex="0"
            type="button"
          >
            <span
              className="MuiButton-label-102"
            >
              Dicty Stock Center
            </span>
            <span
              className="MuiTouchRipple-root-130"
            />
          </button>
        </a>
      </li>
    </ul>
  </div>
</div>
`;
