// Jest Snapshot v1, https://goo.gl/fbAQLP

exports[`Popular snapshot test 1`] = `
<div
  className="sc-bdVaJa bDWFJH sc-htpNat iZBBQa sc-bdVaJa iHZvIS"
  is={null}
>
  <div
    className="sc-bwzfXH uTxCW sc-bdVaJa iHZvIS"
    is={null}
  >
    <div
      className="sc-laTMn dBVuoz"
    >
      Most popular tools and sections
    </div>
    <ul
      className="sc-TFwJa hUWmAw"
    >
      <li
        className="sc-bHwgHz jiapwT"
      >
        <a
          alt="techniques"
          className="sc-bMvGRv dnfvUU"
          href="#"
        >
          <img
            className="sc-kUaPvJ HrdCt"
            src="widgetTECHNIQUES.png"
          />
        </a>
      </li>
      <li
        className="sc-bHwgHz jiapwT"
      >
        <a
          alt="genome browser"
          className="sc-bMvGRv dnfvUU"
          href="#"
        >
          <img
            className="sc-kUaPvJ HrdCt"
            src="widgetGBROWSER.png"
          />
        </a>
      </li>
      <li
        className="sc-bHwgHz jiapwT"
      >
        <a
          alt="learn dicty"
          className="sc-bMvGRv dnfvUU"
          href="/explore/learn"
        >
          <img
            className="sc-kUaPvJ HrdCt"
            src="widgetLEARNDICTY.png"
          />
        </a>
      </li>
      <li
        className="sc-bHwgHz jiapwT"
      >
        <a
          alt="dicty stats"
          className="sc-bMvGRv dnfvUU"
          href="#"
        >
          <img
            className="sc-kUaPvJ HrdCt"
            src="widgetSTATS.png"
          />
        </a>
      </li>
      <li
        className="sc-bHwgHz jiapwT"
      >
        <a
          alt="jobs @ dicty"
          className="sc-bMvGRv dnfvUU"
          href="#"
        >
          <img
            className="sc-kUaPvJ HrdCt"
            src="widgetJOBS.png"
          />
        </a>
      </li>
      <li
        className="sc-bHwgHz jiapwT"
      >
        <a
          alt="dicty express"
          className="sc-bMvGRv dnfvUU"
          href="#"
        >
          <img
            className="sc-kUaPvJ HrdCt"
            src="widgetDICTYEXPRESS.png"
          />
        </a>
      </li>
    </ul>
  </div>
</div>
`;
