// Jest Snapshot v1, https://goo.gl/fbAQLP

exports[`StockCenter snapshot test 1`] = `
.c0 {
  font-family: "Helvetica Neue",Helvetica,Arial,sans-serif;
  line-height: 1.428;
  text-align: center;
  padding: 5px 5px 0 5px;
  margin-bottom: 10px;
}

.c1 {
  background-color: #084b8a;
  color: #efeffb;
  font-size: 18px;
  text-align: center;
  padding: 10px 0px 10px 0px;
  border: 1px dotted #f5f6ce;
  border-top-left-radius: 10px;
  border-top-right-radius: 10px;
}

.c2 {
  padding-left: 5px;
}

.c3 {
  background-color: #effbfb;
  color: black;
  font-size: 10px;
  -webkit-letter-spacing: 5px;
  -moz-letter-spacing: 5px;
  -ms-letter-spacing: 5px;
  letter-spacing: 5px;
  border: 3px solid black;
  padding: 1px 0px 1px 0px;
}

.c4 {
  width: 50%;
  display: inline-block;
  vertical-align: top;
  color: #000;
  background-color: #81DAF5;
  text-align: center;
  padding-bottom: 5px;
  border-bottom-left-radius: 30px;
  border-bottom-right-radius: 30px;
}

.c9 {
  width: 50%;
  display: inline-block;
  vertical-align: top;
  color: white;
  background-color: #0489B1;
  text-align: center;
  padding-bottom: 5px;
  border-bottom-left-radius: 30px;
  border-bottom-right-radius: 30px;
}

.c5 {
  padding-top: 5px;
  font-size: 14px;
}

.c6 {
  padding: 0px 25px 10px 25px;
  font-size: 12px;
  margin-bottom: 5px;
  padding-bottom: 0px;
  margin-top: 5px;
}

.c7 {
  list-style-type: none;
  font-size: 11px;
}

.c8 {
  color: #0b3861;
  font-size: 11px;
  font-style: italic;
  font-weight: normal;
  text-align: center;
  padding-bottom: 0px;
}

@media (max-width:767px) {
  .c1 {
    font-size: 18px;
    text-align: center;
  }
}

@media (max-width:767px) {
  .c3 {
    font-size: 12px;
    text-align: center;
  }
}

@media (max-width:992px) and (min-width:767px) {
  .c4 {
    font-size: 10px;
  }
}

@media (max-width:767px) {
  .c4 {
    font-size: 12px;
  }
}

@media (max-width:992px) and (min-width:767px) {
  .c9 {
    font-size: 10px;
  }
}

@media (max-width:767px) {
  .c9 {
    font-size: 12px;
  }
}

@media (max-width:992px) and (min-width:767px) {
  .c6 {
    font-size: 10px;
  }
}

@media (max-width:768px) {
  .c6 {
    font-size: 16px;
  }
}

<div
  className="c0"
>
  <div
    className="c1"
  >
    <span
      aria-hidden={true}
      className="fa fa-shopping-cart fa-md"
    />
    <span
      className="c2"
    >
      DICTY STOCK CENTER
    </span>
  </div>
  <div
    className="c3"
  >
    New items
  </div>
  <div
    className="c4"
  >
    <div
      className="c5"
    >
      PLASMIDS
    </div>
    <ul
      className="c6"
    >
      <li
        className="c7"
      >
        DBS0304455
      </li>
      <li
        className="c7"
      >
        DSB0350408
      </li>
      <li
        className="c7"
      >
        DBS0350326
      </li>
    </ul>
    <div
      className="c8"
    >
      <span
        aria-hidden={true}
        className="fa fa-plus fa-xs"
      />
    </div>
  </div>
  <div
    className="c9"
    color="white"
  >
    <div
      className="c5"
    >
      STRAINS
    </div>
    <ul
      className="c6"
    >
      <li
        className="c7"
      >
        DBS0304455
      </li>
      <li
        className="c7"
      >
        DSB0350408
      </li>
      <li
        className="c7"
      >
        DBS0350326
      </li>
      <li
        className="c7"
      >
        DBS0350435
      </li>
    </ul>
    <div
      className="c8"
    >
      <span
        aria-hidden={true}
        className="fa fa-plus fa-xs"
      />
    </div>
  </div>
</div>
`;
