// Jest Snapshot v1, https://goo.gl/fbAQLP

exports[`matching a snapshot of Downloads 1`] = `
<div>
  <styled.div
    style={
      Object {
        "backgroundColor": "#BCF5A9",
      }
    }
  >
    <styled.h1
      style={
        Object {
          "backgroundColor": "#BCF5A9",
        }
      }
    >
      Downloads
    </styled.h1>
    <styled.p>
      The central collection of downloadable material from the dictyBase
    </styled.p>
    <FontAwesome
      name="arrow-circle-down"
    />
    <br />
    <br />
    <em>
      Coming soon
    </em>
  </styled.div>
  <br />
  <Flex
    justify="center"
  >
    <Box>
      <h3
        style={
          Object {
            "textAlign": "center",
          }
        }
      >
        dictyBase
      </h3>
      <p
        style={
          Object {
            "textAlign": "center",
          }
        }
      >
        <strong>
           
          Center for Genetic Medicine
          <br />
           Feinberg School of Medicine
          <br />
           Northwestern University
          <br />
           
        </strong>
      </p>
      <p>
         The Arthur Rubloff Building 420 East Superior Street 
      </p>
    </Box>
  </Flex>
</div>
`;
