// Jest Snapshot v1, https://goo.gl/fbAQLP

exports[`matching a snapshot of ErrorPage 1`] = `
<WithStyles(Grid)
  container={true}
  justify="center"
>
  <WithStyles(Grid)
    item={true}
    md={8}
    xs={10}
  >
    <div>
      <img
        alt="Sad Dicty -- HTTP Error"
        src="sad-dicty.png"
      />
      <h1>
        <FontAwesome
          name="exclamation-circle"
        />
         
        404
         Error
      </h1>
      <h3>
        Not Found
      </h3>
      <p>
        If the problem persists, please email us at
         
        <a
          href="mailto:dictybase@northwestern.edu"
        >
          dictybase@northwestern.edu
        </a>
        .
      </p>
      <RouterLink
        to="/"
      >
        <WithStyles(Button)
          color="primary"
          size="small"
          variant="contained"
        >
          dictyBase Home
        </WithStyles(Button)>
      </RouterLink>
    </div>
  </WithStyles(Grid)>
</WithStyles(Grid)>
`;
