// Jest Snapshot v1, https://goo.gl/fbAQLP

exports[`matching a snapshot of Front 1`] = `
<div>
  <Flex
    mx={30}
    wrap={true}
  >
    <Box
      px={16}
      py={8}
      width={
        Array [
          "100%",
          "100%",
          "50%",
          "50%",
        ]
      }
    >
      <Slideshow />
    </Box>
    <Box
      px={16}
      py={8}
      width={
        Array [
          "100%",
          "100%",
          "50%",
          "50%",
        ]
      }
    >
      <News
        posts={
          Array [
            Object {
              "content": "Dicty in the News: Bacteria carried as food within Dictyostelium discoideum are protected by a lectin coat. Reported in ScienceNews, and recently published by Dinh and colleagues in Science with comments by co-author Adam Kuspa.",
              "date": "2018.07.21",
              "source": "ScienceNews",
            },
            Object {
              "content": "Dicty2018: A list of currently registered people is available here. Please check if all your information has been correctly processed and email the organizers if corrections are needed. ",
              "date": "2018.07.19",
              "source": "dictyBase",
            },
            Object {
              "content": "Thierry Soldati is amongst 62 life scientists elected to EMBO (European Molecular Biology Organisation) this year. New EMBO members. Congratulations Thierry!",
              "date": "2018.05.14",
              "source": "Dicty Stock Center",
            },
            Object {
              "content": "Thomas Williams, who graduated and now is a post-doc in Rob Kay's lab, recently first authored a paper in JCS. In addition, JCS chose him to be First Person, a series of interviews with selected first authors, helping early-career researchers promote themselves alongside their papers.",
              "date": "2018.04.24",
              "source": "Dicty Stock Center",
            },
            Object {
              "content": "After Northwestern moved our servers from one campus to the other recently our Blast from the Front - and all Gene Pages, as well as the Genome Browser (including snapshot on gene page) are down. We and Northwestern IT staff are working on the problem. Meanwhile for Blast use the Genome Server, the Blast server which is available from the other genome sites we house. Thanks for your patience! ",
              "date": "2018.02.13",
              "source": "dictyBase",
            },
          ]
        }
      />
    </Box>
    <Box
      px={2}
      py={1}
      width={
        Array [
          "100%",
          "100%",
          "100%",
          "50%",
        ]
      }
    >
      <Papers
        papers={
          Array [
            Object {
              "author": "Usaj, Zattelman, Regev, Shneyer, Wiesel-Motiuk & Henn",
              "journal": "Anal Biochem. 2018 Jul 31. pii: S0003-2697(18)30419-6. doi: 10.1016/j.ab.2018.07.026. [Epub ahead of print]",
              "link": "https://www.ncbi.nlm.nih.gov/pubmed/30075102",
              "title": "Overexpression and purification of human myosins from transiently and stably transfected suspension adapted HEK293SF-3F6 cells.",
            },
            Object {
              "author": "Marinović M, Xiong H, Rivero F, Weber I.",
              "journal": "Methods Mol Biol. 2018;1821:371-392. doi: 10.1007/978-1-4939-8612-5_25.",
              "link": "https://www.ncbi.nlm.nih.gov/pubmed/30062425",
              "title": "Assaying Rho GTPase-Dependent Processes in Dictyostelium discoideum.",
            },
            Object {
              "author": "Tunnacliffe E, Corrigan AM, Chubb JR.",
              "journal": "Proc Natl Acad Sci U S A. 2018 Jul 30. pii: 201800943. doi: 10.1073/pnas.1800943115. [Epub ahead of print]",
              "link": "https://www.ncbi.nlm.nih.gov/pubmed/30061408",
              "title": "Promoter-mediated diversification of transcriptional bursting dynamics following gene duplication.",
            },
            Object {
              "author": "Song L, Rijal R, Karow M, Stumpf M, Hahn O, Park L, Insall R, Schröder R, Hofmann A, Clemen CS, Eichinger L.",
              "journal": "Dis Model Mech. 2018 Jul 30. pii: dmm.033449. doi: 10.1242/dmm.033449. [Epub ahead of print]",
              "link": "https://www.ncbi.nlm.nih.gov/pubmed/30061306",
              "title": "Expression of N471D strumpellin leads to defects in the endolysosomal system.",
            },
          ]
        }
      />
    </Box>
    <Box
      px={2}
      py={1}
      width={
        Array [
          "100%",
          "50%",
          "50%",
          "25%",
        ]
      }
    >
      <Popular
        widgets={
          Array [
            Object {
              "alt": "techniques",
              "image": "widgetTECHNIQUES.png",
              "isRouter": true,
              "link": "/research/techniques",
            },
            Object {
              "alt": "genome browser",
              "image": "widgetGBROWSER.png",
              "isRouter": false,
              "link": "http://dictybase.org/tools/jbrowse/?data=data/jbrowse/discoideum&loc=6:1..50011&tracks=reference,gene,transcript",
            },
            Object {
              "alt": "learn dicty",
              "image": "widgetLEARNDICTY.png",
              "isRouter": true,
              "link": "/explore/learn",
            },
            Object {
              "alt": "dicty STATS (dictyAccess)",
              "image": "widgetSTATS.png",
              "isRouter": true,
              "link": "/dictyaccess",
            },
            Object {
              "alt": "jobs @ dicty",
              "image": "widgetJOBS.png",
              "isRouter": true,
              "link": "/community/jobs",
            },
            Object {
              "alt": "dicty express",
              "image": "widgetDICTYEXPRESS.png",
              "isRouter": false,
              "link": "https://dictyexpress.research.bcm.edu/landing/",
            },
          ]
        }
      />
    </Box>
    <Box
      px={2}
      py={1}
      width={
        Array [
          "100%",
          "50%",
          "50%",
          "25%",
        ]
      }
    >
      <StockCenter
        stockcenter={
          Object {
            "plasmids": Array [
              "DBS0304455",
              "DSB0350408",
              "DBS0350326",
            ],
            "strains": Array [
              "DBS0304455",
              "DSB0350408",
              "DBS0350326",
              "DBS0350435",
            ],
          }
        }
      />
      <Annotations
        annotations={
          Object {
            "genes": Array [
              "abprtA",
              "trgrB1",
              "tgrC1",
              "tacA",
            ],
            "papers": Array [
              "25609090",
              "25546705",
              "25540127",
              "25596489",
            ],
          }
        }
      />
    </Box>
  </Flex>
</div>
`;
