// Jest Snapshot v1, https://goo.gl/fbAQLP

exports[`matching a snapshot of PageNotReady 1`] = `
.c0 {
  color: #428bca;
  -webkit-text-decoration: none;
  text-decoration: none;
}

<div
  className="MuiGrid-container-5 MuiGrid-justify-xs-center-22 PageNotReady-mainGrid-3"
>
  <div
    className="MuiGrid-item-6 MuiGrid-grid-xs-10-43 MuiGrid-grid-md-8-69"
  >
    <div
      className="PageNotReady-container-1"
    >
      <img
        alt="Sad Dicty Logo"
        src="sad-dicty.png"
      />
      <h1>
        <span
          aria-hidden={true}
          className="fa fa-wrench"
        />
         Under Construction
      </h1>
      <p
        className="PageNotReady-paragraph-4"
      >
        This page is not ready yet.
      </p>
      <p
        className="PageNotReady-paragraph-4"
      >
        We are constantly adding content to our new website so check back soon!
      </p>
      <a
        className="c0"
        href="/"
        onClick={[Function]}
      >
        <button
          className="MuiButtonBase-root-128 MuiButton-root-102 MuiButton-contained-113 MuiButton-containedPrimary-114 MuiButton-raised-116 MuiButton-raisedPrimary-117 MuiButton-sizeSmall-125 PageNotReady-button-2"
          disabled={false}
          onBlur={[Function]}
          onFocus={[Function]}
          onKeyDown={[Function]}
          onKeyUp={[Function]}
          onMouseDown={[Function]}
          onMouseLeave={[Function]}
          onMouseUp={[Function]}
          onTouchEnd={[Function]}
          onTouchMove={[Function]}
          onTouchStart={[Function]}
          tabIndex="0"
          type="button"
        >
          <span
            className="MuiButton-label-103"
          >
            dictyBase Home
          </span>
          <span
            className="MuiTouchRipple-root-131"
          />
        </button>
      </a>
    </div>
  </div>
</div>
`;
