// Jest Snapshot v1, https://goo.gl/fbAQLP

exports[`matching a snapshot of PageNotReady 1`] = `
.c2 {
  padding-top: 30px;
  padding-bottom: 30px;
  margin-bottom: 30px;
  color: inherit;
  background-color: #eee;
  text-align: center;
}

.c2 h1 {
  color: inherit;
}

.c2 p {
  margin-bottom: 15px;
  font-size: 21px;
  font-weight: 200;
}

.c1 {
  font-family: "Helvetica Neue",Helvetica,Arial,sans-serif;
  line-height: 1.428;
  color: #555;
  padding: 0 15px 0 15px;
  margin: 0 auto;
}

.c0 {
  margin-top: 20px;
}

.c3 {
  -webkit-text-decoration: none;
  text-decoration: none;
}

@media (min-width:768px) {
  .c1 {
    width: 750px;
  }
}

@media (min-width:992px) {
  .c1 {
    width: 970px;
  }
}

@media (min-width:1200px) {
  .c1 {
    width: 1170px;
  }
}

<div
  className="c0 c1"
>
  <div
    className="c2"
  >
    <h1>
      <span
        aria-hidden={true}
        className="fa fa-wrench"
      />
       Under Construction
    </h1>
    <p>
      This page is not ready yet.
    </p>
    <a
      className="c3"
      href="/"
      onClick={[Function]}
    >
      Dictybase Home
    </a>
  </div>
</div>
`;
