// Jest Snapshot v1, https://goo.gl/fbAQLP

exports[`matching a snapshot of JBrowse 1`] = `
<Flex
  justify="center"
>
  <Box
    style={
      Object {
        "textAlign": "center",
      }
    }
  >
    <h1>
      <strong>
        Genome Browser
      </strong>
    </h1>
    <p>
       
      The following genomes are currently available on the new genome browser:
      <br />
      <br />
       
    </p>
    <em>
      <p>
        <Link
          href="http://dictybase.org/tools/jbrowse/?data=data%2Fjbrowse%2Fdiscoideum&loc=1%3A2334627..2521426&tracks=transcript%2CtRNA%2Cgene%2Cretino2&highlight="
          target="new"
          title="D. discoideum"
        >
          D. discoideum
        </Link>
      </p>
      <p>
        <Link
          href="http://dictybase.org/tools/jbrowse/?data=data%2Fjbrowse%2Fpurpureum&loc=scaffold_1%3A89495..146542&tracks=&highlight="
          target="new"
          title="D. purpureum"
        >
          D. purpureum
        </Link>
      </p>
      <p>
        <Link
          href="http://dictybase.org/tools/jbrowse/?data=data%2Fjbrowse%2Fpallidum&loc=PPA1267848%3A582840..992508&tracks=tblastn_discoideum%2Ctranscript%2Cgene&highlight="
          target="new"
          title="P. pallidum"
        >
          P. pallidum
        </Link>
      </p>
      <p>
        <Link
          href="http://dictybase.org/tools/jbrowse/?data=data%2Fjbrowse%2Ffasciculatum&loc=DFA1435654%3A879771..900536&tracks=gene%2CtRNA%2Ctranscript%2Ctblastn_discoideum%2Creference&highlight="
          target="new"
          title="D. fasciculatum"
        >
          D. fasciculatum
        </Link>
      </p>
    </em>
  </Box>
</Flex>
`;
